// Vitest Snapshot v1, https://vitest.dev/guide/snapshot.html

exports[`generator: addresses > yielded layer ids are stable 1`] = `
[
  "symbol:label-address-housenumber",
]
`;

exports[`generator: airport > yielded layer ids are stable 1`] = `
[
  "fill:airport-area",
  "line:airport-taxiway:outline",
  "line:airport-runway:outline",
  "line:airport-taxiway",
  "line:airport-runway",
]
`;

exports[`generator: background > yielded layer ids are stable 1`] = `
[
  "background:background",
]
`;

exports[`generator: boundaries > yielded layer ids are stable 1`] = `
[
  "line:boundary-country:outline",
  "line:boundary-country-disputed:outline",
  "line:boundary-state:outline",
  "line:boundary-country",
  "line:boundary-country-disputed",
  "line:boundary-state",
  "line:boundary-country-maritime",
]
`;

exports[`generator: buildings > yielded layer ids are stable 1`] = `
[
  "fill:building:outline",
  "fill:building",
]
`;

exports[`generator: buildings3d > yielded layer ids are stable 1`] = `
[
  "fill-extrusion:building-3d",
]
`;

exports[`generator: labels > yielded layer ids are stable 1`] = `
[
  "symbol:label-motorway-exit",
  "symbol:label-motorway-shield",
  "symbol:label-street-pedestrian",
  "symbol:label-street-livingstreet",
  "symbol:label-street-residential",
  "symbol:label-street-unclassified",
  "symbol:label-street-tertiary",
  "symbol:label-street-secondary",
  "symbol:label-street-primary",
  "symbol:label-street-trunk",
  "symbol:label-street-track",
  "symbol:label-place-neighbourhood",
  "symbol:label-place-quarter",
  "symbol:label-place-suburb",
  "symbol:label-place-hamlet",
  "symbol:label-place-village",
  "symbol:label-place-town",
  "symbol:label-boundary-state",
  "symbol:label-place-city",
  "symbol:label-place-statecapital",
  "symbol:label-place-capital",
  "symbol:label-boundary-country-small",
  "symbol:label-boundary-country-medium",
  "symbol:label-boundary-country-large",
]
`;

exports[`generator: landcover > yielded layer ids are stable 1`] = `
[
  "fill:water-ocean",
  "fill:land-glacier",
  "fill:land-commercial",
  "fill:land-industrial",
  "fill:land-residential",
  "fill:land-agriculture",
  "fill:land-waste",
  "fill:land-park",
  "fill:land-garden",
  "fill:land-burial",
  "fill:land-leisure",
  "fill:land-rock",
  "fill:land-forest",
  "fill:land-grass",
  "fill:land-vegetation",
  "fill:land-sand",
  "fill:land-wetland",
]
`;

exports[`generator: markings > yielded layer ids are stable 1`] = `
[
  "symbol:marking-oneway",
  "symbol:marking-oneway-reverse",
  "symbol:marking-bicycle",
]
`;

exports[`generator: pois > yielded layer ids are stable 1`] = `
[
  "symbol:poi-amenity",
  "symbol:poi-leisure",
  "symbol:poi-tourism",
  "symbol:poi-shop",
  "symbol:poi-man_made",
  "symbol:poi-historic",
  "symbol:poi-emergency",
  "symbol:poi-highway",
  "symbol:poi-office",
]
`;

exports[`generator: roads > yielded layer ids are stable 1`] = `
[
  "fill:tunnel-street-pedestrian-zone",
  "line:tunnel-way-footway:outline",
  "line:tunnel-way-steps:outline",
  "line:tunnel-way-path:outline",
  "line:tunnel-way-cycleway:outline",
  "line:tunnel-street-track:outline",
  "line:tunnel-street-pedestrian:outline",
  "line:tunnel-street-service:outline",
  "line:tunnel-street-livingstreet:outline",
  "line:tunnel-street-residential:outline",
  "line:tunnel-street-unclassified:outline",
  "line:tunnel-street-busway:outline",
  "line:tunnel-street-busguideway:outline",
  "line:tunnel-street-tertiary-link:outline",
  "line:tunnel-street-secondary-link:outline",
  "line:tunnel-street-primary-link:outline",
  "line:tunnel-street-trunk-link:outline",
  "line:tunnel-street-motorway-link:outline",
  "line:tunnel-street-tertiary:outline",
  "line:tunnel-street-secondary:outline",
  "line:tunnel-street-primary:outline",
  "line:tunnel-street-trunk:outline",
  "line:tunnel-street-motorway:outline",
  "line:tunnel-way-footway",
  "line:tunnel-way-steps",
  "line:tunnel-way-path",
  "line:tunnel-way-cycleway",
  "line:tunnel-street-track",
  "line:tunnel-street-pedestrian",
  "line:tunnel-street-service",
  "line:tunnel-street-livingstreet",
  "line:tunnel-street-residential",
  "line:tunnel-street-unclassified",
  "line:tunnel-street-busway",
  "line:tunnel-street-busguideway",
  "line:tunnel-street-track-bicycle",
  "line:tunnel-street-pedestrian-bicycle",
  "line:tunnel-street-service-bicycle",
  "line:tunnel-street-livingstreet-bicycle",
  "line:tunnel-street-residential-bicycle",
  "line:tunnel-street-unclassified-bicycle",
  "line:tunnel-street-tertiary-link",
  "line:tunnel-street-secondary-link",
  "line:tunnel-street-primary-link",
  "line:tunnel-street-trunk-link",
  "line:tunnel-street-motorway-link",
  "line:tunnel-street-tertiary",
  "line:tunnel-street-secondary",
  "line:tunnel-street-primary",
  "line:tunnel-street-trunk",
  "line:tunnel-street-motorway",
  "line:tunnel-transport-rail:outline",
  "line:tunnel-transport-rail-service:outline",
  "line:tunnel-transport-lightrail:outline",
  "line:tunnel-transport-lightrail-service:outline",
  "line:tunnel-transport-subway:outline",
  "line:tunnel-transport-narrowgauge:outline",
  "line:tunnel-transport-tram:outline",
  "line:tunnel-transport-funicular:outline",
  "line:tunnel-transport-monorail:outline",
  "line:tunnel-transport-rail",
  "line:tunnel-transport-rail-service",
  "line:tunnel-transport-lightrail",
  "line:tunnel-transport-lightrail-service",
  "line:tunnel-transport-subway",
  "line:tunnel-transport-narrowgauge",
  "line:tunnel-transport-tram",
  "line:tunnel-transport-funicular",
  "line:tunnel-transport-monorail",
  "fill:bridge",
  "fill:street-pedestrian-zone",
  "line:way-footway:outline",
  "line:way-steps:outline",
  "line:way-path:outline",
  "line:way-cycleway:outline",
  "line:street-track:outline",
  "line:street-pedestrian:outline",
  "line:street-service:outline",
  "line:street-livingstreet:outline",
  "line:street-residential:outline",
  "line:street-unclassified:outline",
  "line:street-busway:outline",
  "line:street-busguideway:outline",
  "line:street-tertiary-link:outline",
  "line:street-secondary-link:outline",
  "line:street-primary-link:outline",
  "line:street-trunk-link:outline",
  "line:street-motorway-link:outline",
  "line:street-tertiary:outline",
  "line:street-secondary:outline",
  "line:street-primary:outline",
  "line:street-trunk:outline",
  "line:street-motorway:outline",
  "line:way-footway",
  "line:way-steps",
  "line:way-path",
  "line:way-cycleway",
  "line:street-track",
  "line:street-pedestrian",
  "line:street-service",
  "line:street-livingstreet",
  "line:street-residential",
  "line:street-unclassified",
  "line:street-busway",
  "line:street-busguideway",
  "line:street-track-bicycle",
  "line:street-pedestrian-bicycle",
  "line:street-service-bicycle",
  "line:street-livingstreet-bicycle",
  "line:street-residential-bicycle",
  "line:street-unclassified-bicycle",
  "line:street-tertiary-link",
  "line:street-secondary-link",
  "line:street-primary-link",
  "line:street-trunk-link",
  "line:street-motorway-link",
  "line:street-tertiary",
  "line:street-secondary",
  "line:street-primary",
  "line:street-trunk",
  "line:street-motorway",
  "line:transport-rail:outline",
  "line:transport-rail-service:outline",
  "line:transport-lightrail:outline",
  "line:transport-lightrail-service:outline",
  "line:transport-subway:outline",
  "line:transport-narrowgauge:outline",
  "line:transport-tram:outline",
  "line:transport-funicular:outline",
  "line:transport-monorail:outline",
  "line:aerialway-cablecar:outline",
  "line:aerialway-gondola:outline",
  "line:aerialway-goods:outline",
  "line:aerialway-chairlift:outline",
  "line:aerialway-draglift:outline",
  "line:aerialway-tbar:outline",
  "line:aerialway-jbar:outline",
  "line:aerialway-platter:outline",
  "line:aerialway-ropetow:outline",
  "line:transport-rail",
  "line:transport-rail-service",
  "line:transport-lightrail",
  "line:transport-lightrail-service",
  "line:transport-subway",
  "line:transport-narrowgauge",
  "line:transport-tram",
  "line:transport-funicular",
  "line:transport-monorail",
  "line:aerialway-cablecar",
  "line:aerialway-gondola",
  "line:aerialway-goods",
  "line:aerialway-chairlift",
  "line:aerialway-draglift",
  "line:aerialway-tbar",
  "line:aerialway-jbar",
  "line:aerialway-platter",
  "line:aerialway-ropetow",
  "line:transport-ferry",
  "line:bridge-way-footway:bridge",
  "line:bridge-way-steps:bridge",
  "line:bridge-way-path:bridge",
  "line:bridge-way-cycleway:bridge",
  "line:bridge-street-track:bridge",
  "line:bridge-street-pedestrian:bridge",
  "line:bridge-street-service:bridge",
  "line:bridge-street-livingstreet:bridge",
  "line:bridge-street-residential:bridge",
  "line:bridge-street-unclassified:bridge",
  "line:bridge-street-busway:bridge",
  "line:bridge-street-busguideway:bridge",
  "line:bridge-street-tertiary-link:bridge",
  "line:bridge-street-secondary-link:bridge",
  "line:bridge-street-primary-link:bridge",
  "line:bridge-street-trunk-link:bridge",
  "line:bridge-street-motorway-link:bridge",
  "line:bridge-street-tertiary:bridge",
  "line:bridge-street-secondary:bridge",
  "line:bridge-street-primary:bridge",
  "line:bridge-street-trunk:bridge",
  "line:bridge-street-motorway:bridge",
  "fill:bridge-street-pedestrian-zone",
  "line:bridge-way-footway:outline",
  "line:bridge-way-steps:outline",
  "line:bridge-way-path:outline",
  "line:bridge-way-cycleway:outline",
  "line:bridge-street-track:outline",
  "line:bridge-street-pedestrian:outline",
  "line:bridge-street-service:outline",
  "line:bridge-street-livingstreet:outline",
  "line:bridge-street-residential:outline",
  "line:bridge-street-unclassified:outline",
  "line:bridge-street-busway:outline",
  "line:bridge-street-busguideway:outline",
  "line:bridge-street-tertiary-link:outline",
  "line:bridge-street-secondary-link:outline",
  "line:bridge-street-primary-link:outline",
  "line:bridge-street-trunk-link:outline",
  "line:bridge-street-motorway-link:outline",
  "line:bridge-street-tertiary:outline",
  "line:bridge-street-secondary:outline",
  "line:bridge-street-primary:outline",
  "line:bridge-street-trunk:outline",
  "line:bridge-street-motorway:outline",
  "line:bridge-way-footway",
  "line:bridge-way-steps",
  "line:bridge-way-path",
  "line:bridge-way-cycleway",
  "line:bridge-street-track",
  "line:bridge-street-pedestrian",
  "line:bridge-street-service",
  "line:bridge-street-livingstreet",
  "line:bridge-street-residential",
  "line:bridge-street-unclassified",
  "line:bridge-street-busway",
  "line:bridge-street-busguideway",
  "line:bridge-street-track-bicycle",
  "line:bridge-street-pedestrian-bicycle",
  "line:bridge-street-service-bicycle",
  "line:bridge-street-livingstreet-bicycle",
  "line:bridge-street-residential-bicycle",
  "line:bridge-street-unclassified-bicycle",
  "line:bridge-street-tertiary-link",
  "line:bridge-street-secondary-link",
  "line:bridge-street-primary-link",
  "line:bridge-street-trunk-link",
  "line:bridge-street-motorway-link",
  "line:bridge-street-tertiary",
  "line:bridge-street-secondary",
  "line:bridge-street-primary",
  "line:bridge-street-trunk",
  "line:bridge-street-motorway",
  "line:bridge-transport-rail:outline",
  "line:bridge-transport-rail-service:outline",
  "line:bridge-transport-lightrail:outline",
  "line:bridge-transport-lightrail-service:outline",
  "line:bridge-transport-subway:outline",
  "line:bridge-transport-narrowgauge:outline",
  "line:bridge-transport-tram:outline",
  "line:bridge-transport-funicular:outline",
  "line:bridge-transport-monorail:outline",
  "line:bridge-transport-rail",
  "line:bridge-transport-rail-service",
  "line:bridge-transport-lightrail",
  "line:bridge-transport-lightrail-service",
  "line:bridge-transport-subway",
  "line:bridge-transport-narrowgauge",
  "line:bridge-transport-tram",
  "line:bridge-transport-funicular",
  "line:bridge-transport-monorail",
]
`;

exports[`generator: sites > yielded layer ids are stable 1`] = `
[
  "fill:site-dangerarea",
  "fill:site-sportscentre",
  "fill:site-university",
  "fill:site-college",
  "fill:site-school",
  "fill:site-hospital",
  "fill:site-prison",
  "fill:site-parking",
  "fill:site-bicycleparking",
  "fill:site-construction",
]
`;

exports[`generator: transitStops > yielded layer ids are stable 1`] = `
[
  "symbol:symbol-transit-bus",
  "symbol:symbol-transit-tram",
  "symbol:symbol-transit-subway",
  "symbol:symbol-transit-lightrail",
  "symbol:symbol-transit-station",
  "symbol:symbol-transit-airfield",
  "symbol:symbol-transit-airport",
]
`;

exports[`generator: water > yielded layer ids are stable 1`] = `
[
  "line:water-river",
  "line:water-canal",
  "line:water-stream",
  "line:water-ditch",
  "fill:water-area",
  "fill:water-area-river",
  "fill:water-area-small",
  "fill:water-dam-area",
  "line:water-dam",
  "fill:water-pier-area",
  "line:water-pier",
]
`;
